Last login: Sat Jan 23 16:11:07 on console
jack-iveys-MacBook-Pro-3:~ jackivey$ #ssh iveyas@einstein.etsu.edu
jack-iveys-MacBook-Pro-3:~ jackivey$ # ssh iveyas@einstein.etsu.edu
jack-iveys-MacBook-Pro-3:~ jackivey$ ssh iveyas@einstein.etsu.edu
The authenticity of host 'einstein.etsu.edu (151.141.90.51)' can't be established.
RSA key fingerprint is SHA256:D49DgqR3v3PkWkAY/rUKIN1pkkeksXMJQzRzOGHL5cw.
Are you sure you want to continue connecting (yes/no)? yes
Warning: Permanently added 'einstein.etsu.edu,151.141.90.51' (RSA) to the list of known hosts.
iveyas@einstein.etsu.edu's password: 
Last login: Thu Jan 21 17:18:27 2016 from rnh49210.etsu.edu
Welcome to Einstein, the Linux server for ETSU's Computer Science Department.
All use of this system is governed by the ETSU Acceptable Use Policy and Code
of Ethics.  Use of this system may be monitored to ensure compliance.

Per the department's policy, disk quota's are in effect.  Any use of disk 
space over 100MB, without prior permission, is subject to removeal without
notice.  Any non-class related content is also subject to removal.

Questions about this server should be send to Robert Nielsen (nielsen@etsu.edu).
[iveyas@Einstein:~]$ script
Script started, file is typescript
[iveyas@Einstein:~]$ date
Sun Jan 24 10:29:21 EST 2016
[iveyas@Einstein:~]$ whoami
iveyas
[iveyas@Einstein:~]$ who
kapoor   pts/0        2016-01-24 10:07 (24-151-167-239.dhcp.kgpt.tn.charter.com)
iveyas   pts/1        2016-01-24 10:16 (97-82-195-242.dhcp.hckr.nc.charter.com)
iveyas   pts/2        2016-01-24 10:29
[iveyas@Einstein:~]$ whois etsu.edu
[Querying whois.educause.edu]
[whois.educause.edu]

This Registry database contains ONLY .EDU domains. 
The data in the EDUCAUSE Whois database is provided 
by EDUCAUSE for information purposes in order to 
assist in the process of obtaining information about 
or related to .edu domain registration records. 

The EDUCAUSE Whois database is authoritative for the 
.EDU domain.         

A Web interface for the .EDU EDUCAUSE Whois Server is 
available at: http://whois.educause.net 

By submitting a Whois query, you agree that this information 
will not be used to allow, enable, or otherwise support 
the transmission of unsolicited commercial advertising or 
solicitations via e-mail.  The use of electronic processes to 
harvest information from this server is generally prohibited 
except as reasonably necessary to register or modify .edu 
domain names.

You may use "%" as a wildcard in your search. For further 
information regarding the use of this WHOIS server, please 
type: help 

--------------------------

Domain Name: ETSU.EDU

Registrant:
   East Tennessee State University
   Office of Information Technology
   Johnson City, TN 37614-0563
   UNITED STATES

Administrative Contact:
   netadmin
   East Tennessee State University
   Office of Information Technology, PO Box 70728
   Johnson City, TN 37614
   UNITED STATES
   (423) 439-4648
   netadmin@etsu.edu

Technical Contact:
   oithelp
   East Tennessee State University
   Office of Information Technology, PO Box 70728
   Johnson City, TN 37614
   UNITED STATES
   (423) 439-4648
   oithelp@etsu.edu

Name Servers: 
   ETSUDNS1.ETSU.EDU        151.141.9.11
   ETSUDNS2.ETSU.EDU        151.141.9.12
   ETSUDRSRV1.ETSU.EDU      204.152.130.10

Domain record activated:    12-Sep-1997
Domain record last updated: 13-Mar-2009
Domain expires:             31-Jul-2016


[iveyas@Einstein:~]$ cal
    January 2016    
Su Mo Tu We Th Fr Sa
                1  2
 3  4  5  6  7  8  9
10 11 12 13 14 15 16
17 18 19 20 21 22 23
24 25 26 27 28 29 30
31
[iveyas@Einstein:~]$ ls /etc/motd
/etc/motd
[iveyas@Einstein:~]$ cat /etc/motd
Welcome to Einstein, the Linux server for ETSU's Computer Science Department.
All use of this system is governed by the ETSU Acceptable Use Policy and Code
of Ethics.  Use of this system may be monitored to ensure compliance.

Per the department's policy, disk quota's are in effect.  Any use of disk 
space over 100MB, without prior permission, is subject to removeal without
notice.  Any non-class related content is also subject to removal.

Questions about this server should be send to Robert Nielsen (nielsen@etsu.edu).
[iveyas@Einstein:~]$ for i in 1 2 3; do cal $i 2016; done
    January 2016    
Su Mo Tu We Th Fr Sa
                1  2
 3  4  5  6  7  8  9
10 11 12 13 14 15 16
17 18 19 20 21 22 23
24 25 26 27 28 29 30
31
    February 2016   
Su Mo Tu We Th Fr Sa
    1  2  3  4  5  6
 7  8  9 10 11 12 13
14 15 16 17 18 19 20
21 22 23 24 25 26 27
28 29

     March 2016     
Su Mo Tu We Th Fr Sa
       1  2  3  4  5
 6  7  8  9 10 11 12
13 14 15 16 17 18 19
20 21 22 23 24 25 26
27 28 29 30 31

[iveyas@Einstein:~]$ python -c "import os
> for i in(1,2,3): os.system('cal'+str(i)+'2016')"
sh: cal12016: command not found
sh: cal22016: command not found
sh: cal32016: command not found
[iveyas@Einstein:~]$ python -c "import os
> for i in(1,2,3): os.system('cal '+str(i)+' 2016')"
    January 2016    
Su Mo Tu We Th Fr Sa
                1  2
 3  4  5  6  7  8  9
10 11 12 13 14 15 16
17 18 19 20 21 22 23
24 25 26 27 28 29 30
31
    February 2016   
Su Mo Tu We Th Fr Sa
    1  2  3  4  5  6
 7  8  9 10 11 12 13
14 15 16 17 18 19 20
21 22 23 24 25 26 27
28 29

     March 2016     
Su Mo Tu We Th Fr Sa
       1  2  3  4  5
 6  7  8  9 10 11 12
13 14 15 16 17 18 19
20 21 22 23 24 25 26
27 28 29 30 31

[iveyas@Einstein:~]$ exit
exit
Script done, file is typescript
[iveyas@Einstein:~]$ packet_write_wait: Connection to 151.141.90.51: Broken pipe
jack-iveys-MacBook-Pro-3:~ jackivey$ ls
Applications	Downloads	Music		Sites
Desktop		Library		Pictures	VirtualBox VMs
Documents	Movies		Public		eclipse
jack-iveys-MacBook-Pro-3:~ jackivey$ 
